// Bun Snapshot v1, https://goo.gl/fbAQLP

exports[`convert cars data to tree 1`] = `
HierarchicalTree {
  "children": [
    HierarchicalTree {
      "children": [
        HierarchicalTree {
          "children": [],
          "id": "6",
          "level": 2,
          "name": "Audi",
          "parent": undefined,
          "parentId": "12",
          "root": undefined,
        },
        HierarchicalTree {
          "children": [],
          "id": "7",
          "level": 2,
          "name": "Tesla",
          "parent": undefined,
          "parentId": "12",
          "root": undefined,
        },
      ],
      "id": "12",
      "level": 1,
      "name": "Honda",
      "parent": undefined,
      "parentId": undefined,
      "root": undefined,
    },
    HierarchicalTree {
      "children": [
        HierarchicalTree {
          "children": [],
          "id": "11",
          "level": 2,
          "name": "Inova",
          "parent": undefined,
          "parentId": "9",
          "root": undefined,
        },
        HierarchicalTree {
          "children": [],
          "id": "13",
          "level": 2,
          "name": "Vin",
          "parent": undefined,
          "parentId": "9",
          "root": undefined,
        },
      ],
      "id": "9",
      "level": 1,
      "name": "Huyndai",
      "parent": undefined,
      "parentId": undefined,
      "root": undefined,
    },
  ],
  "id": "tree-car",
  "level": 0,
  "name": "car",
  "parent": undefined,
  "parentId": undefined,
  "root": [Circular],
}
`;
