// Bun Snapshot v1, https://goo.gl/fbAQLP

exports[`convert cars data to tree 1`] = `
{
  "children": [
    {
      "children": [
        {
          "children": [],
          "id": "6",
          "level": 2,
          "name": "Audi",
          "parent": undefined,
          "parentId": "12",
          "root": [Circular],
        },
        {
          "children": [],
          "id": "7",
          "level": 2,
          "name": "Tesla",
          "parent": undefined,
          "parentId": "12",
          "root": [Circular],
        },
      ],
      "id": "12",
      "level": 1,
      "name": "Honda",
      "parent": [Circular],
      "parentId": "tree-car",
      "root": [Circular],
    },
    {
      "children": [
        {
          "children": [],
          "id": "11",
          "level": 2,
          "name": "Inova",
          "parent": undefined,
          "parentId": "9",
          "root": [Circular],
        },
        {
          "children": [],
          "id": "13",
          "level": 2,
          "name": "Vin",
          "parent": undefined,
          "parentId": "9",
          "root": [Circular],
        },
      ],
      "id": "9",
      "level": 1,
      "name": "Huyndai",
      "parent": [Circular],
      "parentId": "tree-car",
      "root": [Circular],
    },
  ],
  "id": "tree-car",
  "level": 0,
  "name": "car",
  "parent": undefined,
  "parentId": undefined,
  "root": [Circular],
}
`;

exports[`convert cities data to tree 1`] = `
{
  "children": [
    {
      "children": [
        {
          "children": [],
          "id": "11",
          "level": 2,
          "name": "children1-1",
          "parent": undefined,
          "parentId": "1",
          "root": [Circular],
        },
        {
          "children": [],
          "id": "12",
          "level": 2,
          "name": "children1-2",
          "parent": undefined,
          "parentId": "1",
          "root": [Circular],
        },
        {
          "children": [],
          "id": "13",
          "level": 2,
          "name": "children1-3",
          "parent": undefined,
          "parentId": "1",
          "root": [Circular],
        },
      ],
      "id": "1",
      "level": 1,
      "name": "parent1",
      "parent": [Circular],
      "parentId": "__root__",
      "root": [Circular],
    },
    {
      "children": [
        {
          "children": [],
          "id": "21",
          "level": NaN,
          "name": "children2-1",
          "parent": undefined,
          "parentId": "2",
          "root": [Circular],
        },
      ],
      "id": "2",
      "level": 1,
      "name": "parent2",
      "parent": [Circular],
      "parentId": "__root__",
      "root": [Circular],
    },
  ],
  "id": "__root__",
  "level": 0,
  "name": "__root__",
  "parent": undefined,
  "parentId": undefined,
  "root": [Circular],
}
`;
